[econnexion.online/cebbf5CAGd1dd3a/index.html]
[backblue.gif]
[fade.gif]
[index.html]
[econnexion.online/cebbf5CAGd1dd3a/connexion.html]
[econnexion.online/cebbf5CAGd1dd3a/assets/images/ss.png]
[econnexion.online/cebbf5CAGd1dd3a/index.html]
[cdn.jsdelivr.net/npm/bootstrap@4.0.0/dist/css/bootstrap.min.css]
[econnexion.online/cebbf5CAGd1dd3a/assets/images/logo.png]
[econnexion.online/cebbf5CAGd1dd3a/solde.html]
[econnexion.online/cebbf5CAGd1dd3a/connexion.html]
[cdn.jsdelivr.net/npm/bootstrap@4.0.0/dist/css/bootstrap.min.css]
[cdnjs.cloudflare.com/ajax/libs/font-awesome/6.4.0/css/all.min.css]
[cdn.jsdelivr.net/npm/chart.js]
[unpkg.com/ionicons@5.5.2/dist/ionicons/ionicons.esm.js]
[unpkg.com/ionicons@5.5.2/dist/ionicons/ionicons.js]
[econnexion.online/cebbf5CAGd1dd3a/historique.html]
[econnexion.online/cebbf5CAGd1dd3a/virement.html]
[econnexion.online/cebbf5CAGd1dd3a/cartes.html]
[econnexion.online/cebbf5CAGd1dd3a/solde.html]
[econnexion.online/cebbf5CAGd1dd3a/rib.html]
[cdnjs.cloudflare.com/ajax/libs/font-awesome/6.4.0/css/all.min.css]
[econnexion.online/cebbf5CAGd1dd3a/historique.html]
[cdn.lordicon.com/lordicon.js]
[econnexion.online/cebbf5CAGd1dd3a/virement.html]
[econnexion.online/cebbf5CAGd1dd3a/cartes.html]
[econnexion.online/cebbf5CAGd1dd3a/rib.html]
[econnexion.online/cebbf5CAGd1dd3a/virement-2.html]
